Archive member included because of file (symbol)

c:/winavr-20100110/bin/../lib/gcc/avr/4.3.3/avr5\libgcc.a(_udivmodsi4.o)
                              ./uart.o (__udivmodsi4)
c:/winavr-20100110/bin/../lib/gcc/avr/4.3.3/avr5\libgcc.a(_exit.o)
                              c:/winavr-20100110/bin/../lib/gcc/avr/4.3.3/../../../../avr/lib/avr5/crtm16.o (exit)
c:/winavr-20100110/bin/../lib/gcc/avr/4.3.3/avr5\libgcc.a(_copy_data.o)
                              ./smartHome.o (__do_copy_data)
c:/winavr-20100110/bin/../lib/gcc/avr/4.3.3/avr5\libgcc.a(_clear_bss.o)
                              ./smartHome.o (__do_clear_bss)
c:/winavr-20100110/bin/../lib/gcc/avr/4.3.3/../../../../avr/lib/avr5\libc.a(itoa.o)
                              ./lcd.o (itoa)
c:/winavr-20100110/bin/../lib/gcc/avr/4.3.3/../../../../avr/lib/avr5\libc.a(eerd_byte_atmega16.o)
                              ./smartHome.o (__eerd_byte_m16)
c:/winavr-20100110/bin/../lib/gcc/avr/4.3.3/../../../../avr/lib/avr5\libc.a(eewr_byte_atmega16.o)
                              ./smartHome.o (__eewr_byte_m16)
c:/winavr-20100110/bin/../lib/gcc/avr/4.3.3/../../../../avr/lib/avr5\libc.a(strrev.o)
                              c:/winavr-20100110/bin/../lib/gcc/avr/4.3.3/../../../../avr/lib/avr5\libc.a(itoa.o) (strrev)
c:/winavr-20100110/bin/../lib/gcc/avr/4.3.3/avr5\libgcc.a(_udivmodhi4.o)
                              c:/winavr-20100110/bin/../lib/gcc/avr/4.3.3/../../../../avr/lib/avr5\libc.a(itoa.o) (__udivmodhi4)

Memory Configuration

Name             Origin             Length             Attributes
text             0x00000000         0x00020000         xr
data             0x00800060         0x0000ffa0         rw !x
eeprom           0x00810000         0x00010000         rw !x
fuse             0x00820000         0x00000400         rw !x
lock             0x00830000         0x00000400         rw !x
signature        0x00840000         0x00000400         rw !x
*default*        0x00000000         0xffffffff

Linker script and memory map

LOAD c:/winavr-20100110/bin/../lib/gcc/avr/4.3.3/../../../../avr/lib/avr5/crtm16.o
LOAD ./.metadata/.plugins/org.eclipse.cdt.make.core/specs.o
LOAD ./adc.o
LOAD ./buzzer.o
LOAD ./gpio.o
LOAD ./keypad.o
LOAD ./lcd.o
LOAD ./servo.o
LOAD ./smartHome.o
LOAD ./timer0.o
LOAD ./timer2.o
LOAD ./uart.o
LOAD c:/winavr-20100110/bin/../lib/gcc/avr/4.3.3/avr5\libgcc.a
LOAD c:/winavr-20100110/bin/../lib/gcc/avr/4.3.3/../../../../avr/lib/avr5\libc.a
LOAD c:/winavr-20100110/bin/../lib/gcc/avr/4.3.3/avr5\libgcc.a

.hash
 *(.hash)

.dynsym
 *(.dynsym)

.dynstr
 *(.dynstr)

.gnu.version
 *(.gnu.version)

.gnu.version_d
 *(.gnu.version_d)

.gnu.version_r
 *(.gnu.version_r)

.rel.init
 *(.rel.init)

.rela.init
 *(.rela.init)

.rel.text
 *(.rel.text)
 *(.rel.text.*)
 *(.rel.gnu.linkonce.t*)

.rela.text
 *(.rela.text)
 *(.rela.text.*)
 *(.rela.gnu.linkonce.t*)

.rel.fini
 *(.rel.fini)

.rela.fini
 *(.rela.fini)

.rel.rodata
 *(.rel.rodata)
 *(.rel.rodata.*)
 *(.rel.gnu.linkonce.r*)

.rela.rodata
 *(.rela.rodata)
 *(.rela.rodata.*)
 *(.rela.gnu.linkonce.r*)

.rel.data
 *(.rel.data)
 *(.rel.data.*)
 *(.rel.gnu.linkonce.d*)

.rela.data
 *(.rela.data)
 *(.rela.data.*)
 *(.rela.gnu.linkonce.d*)

.rel.ctors
 *(.rel.ctors)

.rela.ctors
 *(.rela.ctors)

.rel.dtors
 *(.rel.dtors)

.rela.dtors
 *(.rela.dtors)

.rel.got
 *(.rel.got)

.rela.got
 *(.rela.got)

.rel.bss
 *(.rel.bss)

.rela.bss
 *(.rela.bss)

.rel.plt
 *(.rel.plt)

.rela.plt
 *(.rela.plt)

.text           0x00000000      0xf96
 *(.vectors)
 .vectors       0x00000000       0x54 c:/winavr-20100110/bin/../lib/gcc/avr/4.3.3/../../../../avr/lib/avr5/crtm16.o
                0x00000000                __vectors
                0x00000000                __vector_default
 *(.vectors)
 *(.progmem.gcc*)
 *(.progmem*)
                0x00000054                . = ALIGN (0x2)
                0x00000054                __trampolines_start = .
 *(.trampolines)
 .trampolines   0x00000054        0x0 linker stubs
 *(.trampolines*)
                0x00000054                __trampolines_end = .
 *(.jumptables)
 *(.jumptables*)
 *(.lowtext)
 *(.lowtext*)
                0x00000054                __ctors_start = .
 *(.ctors)
                0x00000054                __ctors_end = .
                0x00000054                __dtors_start = .
 *(.dtors)
                0x00000054                __dtors_end = .
 SORT(*)(.ctors)
 SORT(*)(.dtors)
 *(.init0)
 .init0         0x00000054        0x0 c:/winavr-20100110/bin/../lib/gcc/avr/4.3.3/../../../../avr/lib/avr5/crtm16.o
                0x00000054                __init
 *(.init0)
 *(.init1)
 *(.init1)
 *(.init2)
 .init2         0x00000054        0xc c:/winavr-20100110/bin/../lib/gcc/avr/4.3.3/../../../../avr/lib/avr5/crtm16.o
 *(.init2)
 *(.init3)
 *(.init3)
 *(.init4)
 .init4         0x00000060       0x16 c:/winavr-20100110/bin/../lib/gcc/avr/4.3.3/avr5\libgcc.a(_copy_data.o)
                0x00000060                __do_copy_data
 .init4         0x00000076       0x10 c:/winavr-20100110/bin/../lib/gcc/avr/4.3.3/avr5\libgcc.a(_clear_bss.o)
                0x00000076                __do_clear_bss
 *(.init4)
 *(.init5)
 *(.init5)
 *(.init6)
 *(.init6)
 *(.init7)
 *(.init7)
 *(.init8)
 *(.init8)
 *(.init9)
 .init9         0x00000086        0x8 c:/winavr-20100110/bin/../lib/gcc/avr/4.3.3/../../../../avr/lib/avr5/crtm16.o
 *(.init9)
 *(.text)
 .text          0x0000008e        0x4 c:/winavr-20100110/bin/../lib/gcc/avr/4.3.3/../../../../avr/lib/avr5/crtm16.o
                0x0000008e                __vector_1
                0x0000008e                __vector_12
                0x0000008e                __bad_interrupt
                0x0000008e                __vector_6
                0x0000008e                __vector_3
                0x0000008e                __vector_13
                0x0000008e                __vector_17
                0x0000008e                __vector_7
                0x0000008e                __vector_5
                0x0000008e                __vector_2
                0x0000008e                __vector_15
                0x0000008e                __vector_8
                0x0000008e                __vector_14
                0x0000008e                __vector_10
                0x0000008e                __vector_16
                0x0000008e                __vector_18
                0x0000008e                __vector_20
 .text          0x00000092        0x0 ./.metadata/.plugins/org.eclipse.cdt.make.core/specs.o
 .text          0x00000092        0x0 ./adc.o
 .text          0x00000092        0x0 ./buzzer.o
 .text          0x00000092        0x0 ./gpio.o
 .text          0x00000092        0x0 ./keypad.o
 .text          0x00000092        0x0 ./lcd.o
 .text          0x00000092        0x0 ./servo.o
 .text          0x00000092        0x0 ./smartHome.o
 .text          0x00000092        0x0 ./timer0.o
 .text          0x00000092        0x0 ./timer2.o
 .text          0x00000092        0x0 ./uart.o
 .text          0x00000092        0x0 c:/winavr-20100110/bin/../lib/gcc/avr/4.3.3/avr5\libgcc.a(_udivmodsi4.o)
 .text          0x00000092        0x0 c:/winavr-20100110/bin/../lib/gcc/avr/4.3.3/avr5\libgcc.a(_exit.o)
 .text          0x00000092        0x0 c:/winavr-20100110/bin/../lib/gcc/avr/4.3.3/avr5\libgcc.a(_copy_data.o)
 .text          0x00000092        0x0 c:/winavr-20100110/bin/../lib/gcc/avr/4.3.3/avr5\libgcc.a(_clear_bss.o)
 .text          0x00000092        0x0 c:/winavr-20100110/bin/../lib/gcc/avr/4.3.3/../../../../avr/lib/avr5\libc.a(itoa.o)
 .text          0x00000092        0x0 c:/winavr-20100110/bin/../lib/gcc/avr/4.3.3/../../../../avr/lib/avr5\libc.a(eerd_byte_atmega16.o)
 .text          0x00000092        0x0 c:/winavr-20100110/bin/../lib/gcc/avr/4.3.3/../../../../avr/lib/avr5\libc.a(eewr_byte_atmega16.o)
 .text          0x00000092        0x0 c:/winavr-20100110/bin/../lib/gcc/avr/4.3.3/../../../../avr/lib/avr5\libc.a(strrev.o)
 .text          0x00000092        0x0 c:/winavr-20100110/bin/../lib/gcc/avr/4.3.3/avr5\libgcc.a(_udivmodhi4.o)
                0x00000092                . = ALIGN (0x2)
 *(.text.*)
 .text.Buzzer_Off
                0x00000092        0xc ./buzzer.o
                0x00000092                Buzzer_Off
 .text.Buzzer_ON
                0x0000009e        0xc ./buzzer.o
                0x0000009e                Buzzer_ON
 .text.Buzzer_Init
                0x000000aa        0xc ./buzzer.o
                0x000000aa                Buzzer_Init
 .text.GPIO_setupPinDirection
                0x000000b6       0xe8 ./gpio.o
                0x000000b6                GPIO_setupPinDirection
 .text.GPIO_writePin
                0x0000019e       0xe8 ./gpio.o
                0x0000019e                GPIO_writePin
 .text.GPIO_readPin
                0x00000286       0x3c ./gpio.o
                0x00000286                GPIO_readPin
 .text.GPIO_setupPortDirection
                0x000002c2       0x26 ./gpio.o
                0x000002c2                GPIO_setupPortDirection
 .text.GPIO_writePort
                0x000002e8       0x26 ./gpio.o
                0x000002e8                GPIO_writePort
 .text.GPIO_readPort
                0x0000030e       0x2a ./gpio.o
                0x0000030e                GPIO_readPort
 .text.KEYPAD_get_Value
                0x00000338      0x124 ./keypad.o
                0x00000338                KEYPAD_get_Value
 .text.LCD_displayCharacter
                0x0000045c       0x5c ./lcd.o
                0x0000045c                LCD_displayCharacter
 .text.LCD_displayString
                0x000004b8       0x26 ./lcd.o
                0x000004b8                LCD_displayString
 .text.LCD_intgerToString
                0x000004de       0x44 ./lcd.o
                0x000004de                LCD_intgerToString
 .text.LCD_sendCommand
                0x00000522       0x5c ./lcd.o
                0x00000522                LCD_sendCommand
 .text.LCD_clearScreen
                0x0000057e        0x8 ./lcd.o
                0x0000057e                LCD_clearScreen
 .text.LCD_moveCursor
                0x00000586       0x26 ./lcd.o
                0x00000586                LCD_moveCursor
 .text.LCD_displayStringRowColumn
                0x000005ac       0x16 ./lcd.o
                0x000005ac                LCD_displayStringRowColumn
 .text.LCD_init
                0x000005c2       0x3a ./lcd.o
                0x000005c2                LCD_init
 .text.SERVO_rotateAngle
                0x000005fc       0x1e ./servo.o
                0x000005fc                SERVO_rotateAngle
 .text.compare  0x0000061a       0x32 ./smartHome.o
                0x0000061a                compare
 .text.savePassword
                0x0000064c       0x42 ./smartHome.o
                0x0000064c                savePassword
 .text.mainOperation
                0x0000068e       0x1e ./smartHome.o
                0x0000068e                mainOperation
 .text.getPassFromMemory
                0x000006ac       0x24 ./smartHome.o
                0x000006ac                getPassFromMemory
 .text.checkServoAndLeds
                0x000006d0       0x2c ./smartHome.o
                0x000006d0                checkServoAndLeds
 .text.checkNoPass
                0x000006fc       0x30 ./smartHome.o
                0x000006fc                checkNoPass
 .text.getBufferPassword
                0x0000072c       0x46 ./smartHome.o
                0x0000072c                getBufferPassword
 .text.confirmation
                0x00000772       0x12 ./smartHome.o
                0x00000772                confirmation
 .text.getPassword
                0x00000784       0x46 ./smartHome.o
                0x00000784                getPassword
 .text.changePassword
                0x000007ca       0x12 ./smartHome.o
                0x000007ca                changePassword
 .text.openDoor
                0x000007dc       0x12 ./smartHome.o
                0x000007dc                openDoor
 .text.newPassword
                0x000007ee       0x12 ./smartHome.o
                0x000007ee                newPassword
 .text.main     0x00000800      0x2f8 ./smartHome.o
                0x00000800                main
 .text.__vector_9
                0x00000af8       0x30 ./timer0.o
                0x00000af8                __vector_9
 .text.__vector_19
                0x00000b28       0x14 ./timer0.o
                0x00000b28                __vector_19
 .text.TIMER0_init
                0x00000b3c       0x78 ./timer0.o
                0x00000b3c                TIMER0_init
 .text.TIMER0_DEINIT
                0x00000bb4       0x14 ./timer0.o
                0x00000bb4                TIMER0_DEINIT
 .text.TIMER2_init
                0x00000bc8       0xc6 ./timer2.o
                0x00000bc8                TIMER2_init
 .text.TIMER2_DEINIT
                0x00000c8e       0x14 ./timer2.o
                0x00000c8e                TIMER2_DEINIT
 .text.Close_Flame
                0x00000ca2       0x38 ./timer2.o
                0x00000ca2                Close_Flame
 .text.Open_Flame
                0x00000cda       0x38 ./timer2.o
                0x00000cda                Open_Flame
 .text.Close_Tap
                0x00000d12        0xc ./timer2.o
                0x00000d12                Close_Tap
 .text.Open_Tap
                0x00000d1e        0xc ./timer2.o
                0x00000d1e                Open_Tap
 .text.__vector_4
                0x00000d2a       0x82 ./timer2.o
                0x00000d2a                __vector_4
 .text.UART_init
                0x00000dac       0x34 ./uart.o
                0x00000dac                UART_init
 .text.__vector_11
                0x00000de0       0xba ./uart.o
                0x00000de0                __vector_11
 .text.libgcc   0x00000e9a       0x44 c:/winavr-20100110/bin/../lib/gcc/avr/4.3.3/avr5\libgcc.a(_udivmodsi4.o)
                0x00000e9a                __udivmodsi4
 .text.libgcc   0x00000ede        0x0 c:/winavr-20100110/bin/../lib/gcc/avr/4.3.3/avr5\libgcc.a(_exit.o)
 .text.libgcc   0x00000ede        0x0 c:/winavr-20100110/bin/../lib/gcc/avr/4.3.3/avr5\libgcc.a(_copy_data.o)
 .text.libgcc   0x00000ede        0x0 c:/winavr-20100110/bin/../lib/gcc/avr/4.3.3/avr5\libgcc.a(_clear_bss.o)
 .text.avr-libc
                0x00000ede       0x42 c:/winavr-20100110/bin/../lib/gcc/avr/4.3.3/../../../../avr/lib/avr5\libc.a(itoa.o)
                0x00000ede                itoa
 .text.avr-libc
                0x00000f20       0x10 c:/winavr-20100110/bin/../lib/gcc/avr/4.3.3/../../../../avr/lib/avr5\libc.a(eerd_byte_atmega16.o)
                0x00000f20                __eerd_byte_m16
 .text.avr-libc
                0x00000f30       0x1a c:/winavr-20100110/bin/../lib/gcc/avr/4.3.3/../../../../avr/lib/avr5\libc.a(eewr_byte_atmega16.o)
                0x00000f32                __eewr_r18_m16
                0x00000f30                __eewr_byte_m16
 .text.avr-libc
                0x00000f4a       0x20 c:/winavr-20100110/bin/../lib/gcc/avr/4.3.3/../../../../avr/lib/avr5\libc.a(strrev.o)
                0x00000f4a                strrev
 .text.libgcc   0x00000f6a       0x28 c:/winavr-20100110/bin/../lib/gcc/avr/4.3.3/avr5\libgcc.a(_udivmodhi4.o)
                0x00000f6a                __udivmodhi4
                0x00000f92                . = ALIGN (0x2)
 *(.fini9)
 .fini9         0x00000f92        0x0 c:/winavr-20100110/bin/../lib/gcc/avr/4.3.3/avr5\libgcc.a(_exit.o)
                0x00000f92                exit
                0x00000f92                _exit
 *(.fini9)
 *(.fini8)
 *(.fini8)
 *(.fini7)
 *(.fini7)
 *(.fini6)
 *(.fini6)
 *(.fini5)
 *(.fini5)
 *(.fini4)
 *(.fini4)
 *(.fini3)
 *(.fini3)
 *(.fini2)
 *(.fini2)
 *(.fini1)
 *(.fini1)
 *(.fini0)
 .fini0         0x00000f92        0x4 c:/winavr-20100110/bin/../lib/gcc/avr/4.3.3/avr5\libgcc.a(_exit.o)
 *(.fini0)
                0x00000f96                _etext = .

.data           0x00800060       0x8a load address 0x00000f96
                0x00800060                PROVIDE (__data_start, .)
 *(.data)
 .data          0x00800060        0x0 c:/winavr-20100110/bin/../lib/gcc/avr/4.3.3/../../../../avr/lib/avr5/crtm16.o
 .data          0x00800060        0x0 ./.metadata/.plugins/org.eclipse.cdt.make.core/specs.o
 .data          0x00800060        0x0 ./adc.o
 .data          0x00800060        0x0 ./buzzer.o
 .data          0x00800060        0x0 ./gpio.o
 .data          0x00800060        0x0 ./keypad.o
 .data          0x00800060        0x0 ./lcd.o
 .data          0x00800060        0x0 ./servo.o
 .data          0x00800060       0x86 ./smartHome.o
 .data          0x008000e6        0x0 ./timer0.o
 .data          0x008000e6        0x0 ./timer2.o
 .data          0x008000e6        0x0 ./uart.o
 .data          0x008000e6        0x0 c:/winavr-20100110/bin/../lib/gcc/avr/4.3.3/avr5\libgcc.a(_udivmodsi4.o)
 .data          0x008000e6        0x0 c:/winavr-20100110/bin/../lib/gcc/avr/4.3.3/avr5\libgcc.a(_exit.o)
 .data          0x008000e6        0x0 c:/winavr-20100110/bin/../lib/gcc/avr/4.3.3/avr5\libgcc.a(_copy_data.o)
 .data          0x008000e6        0x0 c:/winavr-20100110/bin/../lib/gcc/avr/4.3.3/avr5\libgcc.a(_clear_bss.o)
 .data          0x008000e6        0x0 c:/winavr-20100110/bin/../lib/gcc/avr/4.3.3/../../../../avr/lib/avr5\libc.a(itoa.o)
 .data          0x008000e6        0x0 c:/winavr-20100110/bin/../lib/gcc/avr/4.3.3/../../../../avr/lib/avr5\libc.a(eerd_byte_atmega16.o)
 .data          0x008000e6        0x0 c:/winavr-20100110/bin/../lib/gcc/avr/4.3.3/../../../../avr/lib/avr5\libc.a(eewr_byte_atmega16.o)
 .data          0x008000e6        0x0 c:/winavr-20100110/bin/../lib/gcc/avr/4.3.3/../../../../avr/lib/avr5\libc.a(strrev.o)
 .data          0x008000e6        0x0 c:/winavr-20100110/bin/../lib/gcc/avr/4.3.3/avr5\libgcc.a(_udivmodhi4.o)
 *(.data*)
 .data.servo_angle_address
                0x008000e6        0x1 ./smartHome.o
                0x008000e6                servo_angle_address
 .data.room1_address
                0x008000e7        0x1 ./uart.o
                0x008000e7                room1_address
 .data.room2_address
                0x008000e8        0x1 ./uart.o
                0x008000e8                room2_address
 *(.rodata)
 *(.rodata*)
 *(.gnu.linkonce.d*)
                0x008000ea                . = ALIGN (0x2)
 *fill*         0x008000e9        0x1 00
                0x008000ea                _edata = .
                0x008000ea                PROVIDE (__data_end, .)

.bss            0x008000ea       0x13
                0x008000ea                PROVIDE (__bss_start, .)
 *(.bss)
 .bss           0x008000ea        0x0 c:/winavr-20100110/bin/../lib/gcc/avr/4.3.3/../../../../avr/lib/avr5/crtm16.o
 .bss           0x008000ea        0x0 ./.metadata/.plugins/org.eclipse.cdt.make.core/specs.o
 .bss           0x008000ea        0x0 ./adc.o
 .bss           0x008000ea        0x0 ./buzzer.o
 .bss           0x008000ea        0x0 ./gpio.o
 .bss           0x008000ea        0x0 ./keypad.o
 .bss           0x008000ea        0x0 ./lcd.o
 .bss           0x008000ea        0x0 ./servo.o
 .bss           0x008000ea        0x0 ./smartHome.o
 .bss           0x008000ea        0x0 ./timer0.o
 .bss           0x008000ea        0x0 ./timer2.o
 .bss           0x008000ea        0x0 ./uart.o
 .bss           0x008000ea        0x0 c:/winavr-20100110/bin/../lib/gcc/avr/4.3.3/avr5\libgcc.a(_udivmodsi4.o)
 .bss           0x008000ea        0x0 c:/winavr-20100110/bin/../lib/gcc/avr/4.3.3/avr5\libgcc.a(_exit.o)
 .bss           0x008000ea        0x0 c:/winavr-20100110/bin/../lib/gcc/avr/4.3.3/avr5\libgcc.a(_copy_data.o)
 .bss           0x008000ea        0x0 c:/winavr-20100110/bin/../lib/gcc/avr/4.3.3/avr5\libgcc.a(_clear_bss.o)
 .bss           0x008000ea        0x0 c:/winavr-20100110/bin/../lib/gcc/avr/4.3.3/../../../../avr/lib/avr5\libc.a(itoa.o)
 .bss           0x008000ea        0x0 c:/winavr-20100110/bin/../lib/gcc/avr/4.3.3/../../../../avr/lib/avr5\libc.a(eerd_byte_atmega16.o)
 .bss           0x008000ea        0x0 c:/winavr-20100110/bin/../lib/gcc/avr/4.3.3/../../../../avr/lib/avr5\libc.a(eewr_byte_atmega16.o)
 .bss           0x008000ea        0x0 c:/winavr-20100110/bin/../lib/gcc/avr/4.3.3/../../../../avr/lib/avr5\libc.a(strrev.o)
 .bss           0x008000ea        0x0 c:/winavr-20100110/bin/../lib/gcc/avr/4.3.3/avr5\libgcc.a(_udivmodhi4.o)
 *(.bss*)
 .bss.g_password
                0x008000ea        0x5 ./smartHome.o
                0x008000ea                g_password
 .bss.g_buffer_password
                0x008000ef        0x5 ./smartHome.o
                0x008000ef                g_buffer_password
 .bss.no_pass_flag
                0x008000f4        0x1 ./smartHome.o
                0x008000f4                no_pass_flag
 .bss.servo_angle_value
                0x008000f5        0x1 ./smartHome.o
                0x008000f5                servo_angle_value
 .bss.confirm_password
                0x008000f6        0x1 ./smartHome.o
                0x008000f6                confirm_password
 .bss.ext_buzzerAlarm
                0x008000f7        0x1 ./smartHome.o
                0x008000f7                ext_buzzerAlarm
 .bss.ext_theaf_flag
                0x008000f8        0x1 ./smartHome.o
                0x008000f8                ext_theaf_flag
 .bss.alarm_close_tick
                0x008000f9        0x1 ./timer0.o
                0x008000f9                alarm_close_tick
 .bss.timer2_tick
                0x008000fa        0x1 ./timer2.o
                0x008000fa                timer2_tick
 .bss.ext_room1_value
                0x008000fb        0x1 ./uart.o
                0x008000fb                ext_room1_value
 .bss.ext_room2_value
                0x008000fc        0x1 ./uart.o
                0x008000fc                ext_room2_value
 *(COMMON)
                0x008000fd                PROVIDE (__bss_end, .)
                0x00000f96                __data_load_start = LOADADDR (.data)
                0x00001020                __data_load_end = (__data_load_start + SIZEOF (.data))

.noinit         0x008000fd        0x0
                0x008000fd                PROVIDE (__noinit_start, .)
 *(.noinit*)
                0x008000fd                PROVIDE (__noinit_end, .)
                0x008000fd                _end = .
                0x008000fd                PROVIDE (__heap_start, .)

.eeprom         0x00810000        0x0
 *(.eeprom*)
                0x00810000                __eeprom_end = .

.fuse
 *(.fuse)
 *(.lfuse)
 *(.hfuse)
 *(.efuse)

.lock
 *(.lock*)

.signature
 *(.signature*)

.stab
 *(.stab)

.stabstr
 *(.stabstr)

.stab.excl
 *(.stab.excl)

.stab.exclstr
 *(.stab.exclstr)

.stab.index
 *(.stab.index)

.stab.indexstr
 *(.stab.indexstr)

.comment
 *(.comment)

.debug
 *(.debug)

.line
 *(.line)

.debug_srcinfo
 *(.debug_srcinfo)

.debug_sfnames
 *(.debug_sfnames)

.debug_aranges
 *(.debug_aranges)

.debug_pubnames
 *(.debug_pubnames)

.debug_info
 *(.debug_info)
 *(.gnu.linkonce.wi.*)

.debug_abbrev
 *(.debug_abbrev)

.debug_line
 *(.debug_line)

.debug_frame
 *(.debug_frame)

.debug_str
 *(.debug_str)

.debug_loc
 *(.debug_loc)

.debug_macinfo
 *(.debug_macinfo)
OUTPUT(drivers.elf elf32-avr)
LOAD linker stubs
